// Jest Snapshot v1, https://goo.gl/fbAQLP

exports[`Tests in <GifExpertApp /> should show list of categories 1`] = `
<Fragment>
  <h2>
    Search gif
  </h2>
  <AddCategory
    setCategories={[Function]}
  />
  <ol>
    <GifGrid
      category="One Punch"
      key="One Punch"
    />
  </ol>
</Fragment>
`;

exports[`Tests in <GifExpertApp /> should to macht snapshot 1`] = `
<Fragment>
  <h2>
    Search gif
  </h2>
  <AddCategory
    setCategories={[Function]}
  />
  <ol>
    <GifGrid
      category="One Punch"
      key="One Punch"
    />
  </ol>
</Fragment>
`;
